This is pdfTeX, Version 3.141592653-2.6-1.40.27 (TeX Live 2026/dev/Arch Linux) (preloaded format=pdflatex 2025.11.6)  6 NOV 2025 17:14
entering extended mode
 restricted \write18 enabled.
 %&-line parsing enabled.
**test.tex
(./test.tex
LaTeX2e <2024-11-01> patch level 2
L3 programming layer <2025-01-18>

! LaTeX Error: File `apa7.cls' not found.

Type X to quit or <RETURN> to proceed,
or enter new name. (Default extension: cls)

Enter file name: ^^Xxx
! Missing endcsname inserted.
<to be read again> 
                   MessageBreak 
l.2 \usepackage
               [spanish]{babel}
? 
! Emergency stop.
<to be read again> 
                   MessageBreak 
l.2 \usepackage
               [spanish]{babel}
End of file on the terminal!

 
Here is how much of TeX's memory you used:
 19 strings out of 475171
 415 string characters out of 5767095
 386848 words of memory out of 5000000
 23116 multiletter control sequences out of 15000+600000
 558837 words of font info for 36 fonts, out of 8000000 for 9000
 14 hyphenation exceptions out of 8191
 25i,0n,29p,71b,17s stack positions out of 10000i,1000n,20000p,200000b,200000s
!  ==> Fatal error occurred, no output PDF file produced!
